// Jest Snapshot v1, https://goo.gl/fbAQLP

exports[`<TextField> Snapshots and structure should render correctly 1`] = `
<div
  className="lumx-text-field lumx-text-field--has-value lumx-text-field--theme-light"
>
  <div
    className="lumx-text-field__input-wrapper"
  >
    <div
      className="lumx-text-field__input-native"
    >
      <input
        id="fixedId"
        onBlur={[Function]}
        onChange={[Function]}
        onFocus={[Function]}
        type="text"
        value="Test value"
      />
    </div>
  </div>
</div>
`;
