// Jest Snapshot v1, https://goo.gl/fbAQLP

exports[`<Dropdown> Snapshots and structure should render correctly 1`] = `
<div
  className="lumx-dropdown"
>
  <Popover
    isVisible={false}
    placement="bottom-start"
    popoverRect={
      Object {
        "x": 0,
        "y": 0,
      }
    }
    popoverRef={
      Object {
        "current": null,
      }
    }
  >
    <div
      className="lumx-dropdown__menu"
      style={
        Object {
          "width": undefined,
        }
      }
    >
      <div
        className="lumx-dropdown__content"
      >
        <div>
          This is the content of the dropdown
        </div>
      </div>
    </div>
  </Popover>
</div>
`;
