// Jest Snapshot v1, https://goo.gl/fbAQLP

exports[`<Dropdown> Snapshots and structure should render correctly 1`] = `
<div
  className="lumx-dropdown lumx-dropdown--has-toggle"
  onKeyDown={[Function]}
>
  <Popover
    anchorElement={
      <div
        className="lumx-dropdown__toggle"
        onClick={[Function]}
      >
        Toggle
      </div>
    }
    popperElement={false}
    showPopper={false}
  />
</div>
`;
