// Jest Snapshot v1, https://goo.gl/fbAQLP

exports[`<Popover> Snapshots and structure should render correctly 1`] = `
<Portal
  containerInfo={<body />}
>
  <div
    className="lumx-popover lumx-popover--elevation-3"
    style={
      Object {
        "height": "auto",
        "left": 0,
        "position": "fixed",
        "top": 0,
        "transform": "translate(0px, 0px)",
        "visibility": "visible",
        "width": "auto",
        "zIndex": 9999,
      }
    }
  >
    <div
      className="lumx-popover__wrapper"
    >
      This is the content of the popover
    </div>
  </div>
</Portal>
`;
