// Jest Snapshot v1, https://goo.gl/fbAQLP

exports[`<Tooltip> Snapshots and structure should render correctly 1`] = `
<div
  className="lumx-tooltip lumx-tooltip--is-react lumx-tooltip--position-bottom"
>
  <div
    className="lumx-tooltip__arrow"
  />
  <div
    className="lumx-tooltip__inner"
  />
</div>
`;
